2025-04-12 11:44:42,053 - INFO - Starting the training process...
2025-04-12 11:44:42,053 - INFO - Loading CIFAR-10 dataset...
2025-04-12 11:44:50,031 - INFO - CIFAR-10 dataset loaded successfully.
2025-04-12 11:44:50,075 - INFO - Starting hyperparameter search...
2025-04-12 11:44:50,075 - INFO - Testing: LR=0.001, Hidden1=256, Hidden2=128, L2_lambda=0.01
2025-04-12 11:45:03,457 - INFO - Epoch 1/10, LR: 0.001000, Train Loss: 6.1118, Train Acc: 0.2333, Val Loss: 6.1136, Val Acc: 0.2350
2025-04-12 11:45:04,385 - INFO - Saved best model with Val Acc: 0.2350
2025-04-12 11:45:17,591 - INFO - Epoch 2/10, LR: 0.001000, Train Loss: 5.9588, Train Acc: 0.2864, Val Loss: 5.9644, Val Acc: 0.2854
2025-04-12 11:45:18,486 - INFO - Saved best model with Val Acc: 0.2854
2025-04-12 11:45:31,718 - INFO - Epoch 3/10, LR: 0.001000, Train Loss: 5.8683, Train Acc: 0.3151, Val Loss: 5.8781, Val Acc: 0.3172
2025-04-12 11:45:32,637 - INFO - Saved best model with Val Acc: 0.3172
2025-04-12 11:45:45,970 - INFO - Epoch 4/10, LR: 0.001000, Train Loss: 5.8066, Train Acc: 0.3353, Val Loss: 5.8201, Val Acc: 0.3340
2025-04-12 11:45:46,907 - INFO - Saved best model with Val Acc: 0.3340
2025-04-12 11:46:00,286 - INFO - Epoch 5/10, LR: 0.001000, Train Loss: 5.7602, Train Acc: 0.3509, Val Loss: 5.7768, Val Acc: 0.3502
2025-04-12 11:46:01,229 - INFO - Saved best model with Val Acc: 0.3502
2025-04-12 11:46:15,903 - INFO - Epoch 6/10, LR: 0.001000, Train Loss: 5.7221, Train Acc: 0.3622, Val Loss: 5.7423, Val Acc: 0.3572
2025-04-12 11:46:17,086 - INFO - Saved best model with Val Acc: 0.3572
2025-04-12 11:46:31,339 - INFO - Epoch 7/10, LR: 0.001000, Train Loss: 5.6904, Train Acc: 0.3748, Val Loss: 5.7132, Val Acc: 0.3678
2025-04-12 11:46:32,286 - INFO - Saved best model with Val Acc: 0.3678
2025-04-12 11:46:46,240 - INFO - Epoch 8/10, LR: 0.001000, Train Loss: 5.6630, Train Acc: 0.3844, Val Loss: 5.6891, Val Acc: 0.3770
2025-04-12 11:46:47,186 - INFO - Saved best model with Val Acc: 0.3770
2025-04-12 11:47:01,103 - INFO - Epoch 9/10, LR: 0.001000, Train Loss: 5.6397, Train Acc: 0.3920, Val Loss: 5.6685, Val Acc: 0.3848
2025-04-12 11:47:02,003 - INFO - Saved best model with Val Acc: 0.3848
2025-04-12 11:47:19,512 - INFO - Epoch 10/10, LR: 0.001000, Train Loss: 5.6191, Train Acc: 0.3998, Val Loss: 5.6498, Val Acc: 0.3896
2025-04-12 11:47:21,242 - INFO - Saved best model with Val Acc: 0.3896
2025-04-12 11:47:22,047 - INFO - Test Accuracy: 0.3928
2025-04-12 11:47:22,049 - INFO - Testing: LR=0.001, Hidden1=256, Hidden2=128, L2_lambda=0.1
2025-04-12 11:47:43,360 - INFO - Epoch 1/10, LR: 0.001000, Train Loss: 41.5645, Train Acc: 0.2541, Val Loss: 41.5878, Val Acc: 0.2458
2025-04-12 11:47:45,344 - INFO - Saved best model with Val Acc: 0.2458
2025-04-12 11:48:07,990 - INFO - Epoch 2/10, LR: 0.001000, Train Loss: 41.3861, Train Acc: 0.2987, Val Loss: 41.4115, Val Acc: 0.2952
2025-04-12 11:48:09,862 - INFO - Saved best model with Val Acc: 0.2952
2025-04-12 11:48:33,599 - INFO - Epoch 3/10, LR: 0.001000, Train Loss: 41.2709, Train Acc: 0.3265, Val Loss: 41.2965, Val Acc: 0.3178
2025-04-12 11:48:35,548 - INFO - Saved best model with Val Acc: 0.3178
2025-04-12 11:49:00,087 - INFO - Epoch 4/10, LR: 0.001000, Train Loss: 41.1831, Train Acc: 0.3465, Val Loss: 41.2109, Val Acc: 0.3328
2025-04-12 11:49:01,808 - INFO - Saved best model with Val Acc: 0.3328
2025-04-12 11:49:22,508 - INFO - Epoch 5/10, LR: 0.001000, Train Loss: 41.1094, Train Acc: 0.3611, Val Loss: 41.1387, Val Acc: 0.3454
2025-04-12 11:49:24,411 - INFO - Saved best model with Val Acc: 0.3454
2025-04-12 11:49:44,147 - INFO - Epoch 6/10, LR: 0.001000, Train Loss: 41.0450, Train Acc: 0.3743, Val Loss: 41.0772, Val Acc: 0.3562
2025-04-12 11:49:46,015 - INFO - Saved best model with Val Acc: 0.3562
2025-04-12 11:50:04,756 - INFO - Epoch 7/10, LR: 0.001000, Train Loss: 40.9871, Train Acc: 0.3839, Val Loss: 41.0216, Val Acc: 0.3668
2025-04-12 11:50:05,664 - INFO - Saved best model with Val Acc: 0.3668
2025-04-12 11:50:18,371 - INFO - Epoch 8/10, LR: 0.001000, Train Loss: 40.9336, Train Acc: 0.3924, Val Loss: 40.9703, Val Acc: 0.3722
2025-04-12 11:50:19,265 - INFO - Saved best model with Val Acc: 0.3722
2025-04-12 11:50:31,908 - INFO - Epoch 9/10, LR: 0.001000, Train Loss: 40.8826, Train Acc: 0.4004, Val Loss: 40.9226, Val Acc: 0.3786
2025-04-12 11:50:32,788 - INFO - Saved best model with Val Acc: 0.3786
2025-04-12 11:50:45,462 - INFO - Epoch 10/10, LR: 0.001000, Train Loss: 40.8361, Train Acc: 0.4051, Val Loss: 40.8781, Val Acc: 0.3812
2025-04-12 11:50:46,354 - INFO - Saved best model with Val Acc: 0.3812
2025-04-12 11:50:46,792 - INFO - Test Accuracy: 0.3915
2025-04-12 11:50:46,793 - INFO - Testing: LR=0.001, Hidden1=256, Hidden2=256, L2_lambda=0.01
2025-04-12 11:50:59,795 - INFO - Epoch 1/10, LR: 0.001000, Train Loss: 7.3547, Train Acc: 0.2456, Val Loss: 7.3651, Val Acc: 0.2492
2025-04-12 11:51:00,736 - INFO - Saved best model with Val Acc: 0.2492
2025-04-12 11:51:13,685 - INFO - Epoch 2/10, LR: 0.001000, Train Loss: 7.2047, Train Acc: 0.2946, Val Loss: 7.2247, Val Acc: 0.2886
2025-04-12 11:51:14,625 - INFO - Saved best model with Val Acc: 0.2886
2025-04-12 11:51:27,845 - INFO - Epoch 3/10, LR: 0.001000, Train Loss: 7.1188, Train Acc: 0.3236, Val Loss: 7.1439, Val Acc: 0.3152
2025-04-12 11:51:28,788 - INFO - Saved best model with Val Acc: 0.3152
2025-04-12 11:51:41,686 - INFO - Epoch 4/10, LR: 0.001000, Train Loss: 7.0603, Train Acc: 0.3449, Val Loss: 7.0898, Val Acc: 0.3324
2025-04-12 11:51:42,636 - INFO - Saved best model with Val Acc: 0.3324
2025-04-12 11:51:55,497 - INFO - Epoch 5/10, LR: 0.001000, Train Loss: 7.0170, Train Acc: 0.3613, Val Loss: 7.0486, Val Acc: 0.3444
2025-04-12 11:51:56,437 - INFO - Saved best model with Val Acc: 0.3444
2025-04-12 11:52:10,203 - INFO - Epoch 6/10, LR: 0.001000, Train Loss: 6.9837, Train Acc: 0.3729, Val Loss: 7.0179, Val Acc: 0.3572
2025-04-12 11:52:12,515 - INFO - Saved best model with Val Acc: 0.3572
2025-04-12 11:52:34,221 - INFO - Epoch 7/10, LR: 0.001000, Train Loss: 6.9554, Train Acc: 0.3842, Val Loss: 6.9922, Val Acc: 0.3636
2025-04-12 11:52:36,291 - INFO - Saved best model with Val Acc: 0.3636
2025-04-12 11:52:58,408 - INFO - Epoch 8/10, LR: 0.001000, Train Loss: 6.9307, Train Acc: 0.3916, Val Loss: 6.9703, Val Acc: 0.3726
2025-04-12 11:53:00,510 - INFO - Saved best model with Val Acc: 0.3726
2025-04-12 11:53:22,779 - INFO - Epoch 9/10, LR: 0.001000, Train Loss: 6.9105, Train Acc: 0.4004, Val Loss: 6.9522, Val Acc: 0.3780
2025-04-12 11:53:24,988 - INFO - Saved best model with Val Acc: 0.3780
2025-04-12 11:53:46,742 - INFO - Epoch 10/10, LR: 0.001000, Train Loss: 6.8913, Train Acc: 0.4061, Val Loss: 6.9358, Val Acc: 0.3848
2025-04-12 11:53:48,920 - INFO - Saved best model with Val Acc: 0.3848
2025-04-12 11:53:49,836 - INFO - Test Accuracy: 0.3915
2025-04-12 11:53:49,838 - INFO - Testing: LR=0.001, Hidden1=256, Hidden2=256, L2_lambda=0.1
2025-04-12 11:54:11,483 - INFO - Epoch 1/10, LR: 0.001000, Train Loss: 54.3300, Train Acc: 0.2448, Val Loss: 54.3530, Val Acc: 0.2378
2025-04-12 11:54:13,735 - INFO - Saved best model with Val Acc: 0.2378
2025-04-12 11:54:35,296 - INFO - Epoch 2/10, LR: 0.001000, Train Loss: 54.1259, Train Acc: 0.2965, Val Loss: 54.1505, Val Acc: 0.2850
2025-04-12 11:54:37,621 - INFO - Saved best model with Val Acc: 0.2850
2025-04-12 11:54:59,730 - INFO - Epoch 3/10, LR: 0.001000, Train Loss: 53.9884, Train Acc: 0.3253, Val Loss: 54.0158, Val Acc: 0.3138
2025-04-12 11:55:01,892 - INFO - Saved best model with Val Acc: 0.3138
2025-04-12 11:55:23,160 - INFO - Epoch 4/10, LR: 0.001000, Train Loss: 53.8813, Train Acc: 0.3458, Val Loss: 53.9112, Val Acc: 0.3298
2025-04-12 11:55:25,608 - INFO - Saved best model with Val Acc: 0.3298
2025-04-12 11:55:47,385 - INFO - Epoch 5/10, LR: 0.001000, Train Loss: 53.7871, Train Acc: 0.3619, Val Loss: 53.8192, Val Acc: 0.3444
2025-04-12 11:55:49,840 - INFO - Saved best model with Val Acc: 0.3444
2025-04-12 11:56:11,745 - INFO - Epoch 6/10, LR: 0.001000, Train Loss: 53.7031, Train Acc: 0.3720, Val Loss: 53.7371, Val Acc: 0.3604
2025-04-12 11:56:13,897 - INFO - Saved best model with Val Acc: 0.3604
2025-04-12 11:56:35,035 - INFO - Epoch 7/10, LR: 0.001000, Train Loss: 53.6254, Train Acc: 0.3816, Val Loss: 53.6610, Val Acc: 0.3714
2025-04-12 11:56:36,963 - INFO - Saved best model with Val Acc: 0.3714
2025-04-12 11:56:58,618 - INFO - Epoch 8/10, LR: 0.001000, Train Loss: 53.5527, Train Acc: 0.3912, Val Loss: 53.5902, Val Acc: 0.3780
2025-04-12 11:57:00,438 - INFO - Saved best model with Val Acc: 0.3780
2025-04-12 11:57:22,857 - INFO - Epoch 9/10, LR: 0.001000, Train Loss: 53.4832, Train Acc: 0.3991, Val Loss: 53.5227, Val Acc: 0.3830
2025-04-12 11:57:25,213 - INFO - Saved best model with Val Acc: 0.3830
2025-04-12 11:57:47,808 - INFO - Epoch 10/10, LR: 0.001000, Train Loss: 53.4172, Train Acc: 0.4058, Val Loss: 53.4594, Val Acc: 0.3824
2025-04-12 11:57:48,617 - INFO - Test Accuracy: 0.3856
2025-04-12 11:57:48,618 - INFO - Testing: LR=0.001, Hidden1=512, Hidden2=128, L2_lambda=0.01
2025-04-12 11:58:29,794 - INFO - Epoch 1/10, LR: 0.001000, Train Loss: 8.6054, Train Acc: 0.2507, Val Loss: 8.6107, Val Acc: 0.2472
2025-04-12 11:58:33,892 - INFO - Saved best model with Val Acc: 0.2472
2025-04-12 11:59:14,905 - INFO - Epoch 2/10, LR: 0.001000, Train Loss: 8.4679, Train Acc: 0.2975, Val Loss: 8.4787, Val Acc: 0.2952
2025-04-12 11:59:19,108 - INFO - Saved best model with Val Acc: 0.2952
2025-04-12 11:59:57,277 - INFO - Epoch 3/10, LR: 0.001000, Train Loss: 8.3880, Train Acc: 0.3275, Val Loss: 8.4021, Val Acc: 0.3264
2025-04-12 12:00:01,504 - INFO - Saved best model with Val Acc: 0.3264
2025-04-12 12:00:30,780 - INFO - Epoch 4/10, LR: 0.001000, Train Loss: 8.3320, Train Acc: 0.3466, Val Loss: 8.3487, Val Acc: 0.3390
2025-04-12 12:00:32,599 - INFO - Saved best model with Val Acc: 0.3390
2025-04-12 12:01:07,691 - INFO - Epoch 5/10, LR: 0.001000, Train Loss: 8.2894, Train Acc: 0.3633, Val Loss: 8.3066, Val Acc: 0.3578
2025-04-12 12:01:11,060 - INFO - Saved best model with Val Acc: 0.3578
2025-04-12 12:01:47,600 - INFO - Epoch 6/10, LR: 0.001000, Train Loss: 8.2549, Train Acc: 0.3753, Val Loss: 8.2748, Val Acc: 0.3658
2025-04-12 12:01:50,941 - INFO - Saved best model with Val Acc: 0.3658
2025-04-12 12:02:26,647 - INFO - Epoch 7/10, LR: 0.001000, Train Loss: 8.2262, Train Acc: 0.3864, Val Loss: 8.2485, Val Acc: 0.3718
2025-04-12 12:02:29,680 - INFO - Saved best model with Val Acc: 0.3718
2025-04-12 12:02:54,947 - INFO - Epoch 8/10, LR: 0.001000, Train Loss: 8.2012, Train Acc: 0.3949, Val Loss: 8.2248, Val Acc: 0.3836
2025-04-12 12:02:56,695 - INFO - Saved best model with Val Acc: 0.3836
2025-04-12 12:03:21,898 - INFO - Epoch 9/10, LR: 0.001000, Train Loss: 8.1798, Train Acc: 0.4033, Val Loss: 8.2057, Val Acc: 0.3920
2025-04-12 12:03:23,658 - INFO - Saved best model with Val Acc: 0.3920
2025-04-12 12:03:52,755 - INFO - Epoch 10/10, LR: 0.001000, Train Loss: 8.1597, Train Acc: 0.4109, Val Loss: 8.1883, Val Acc: 0.3968
2025-04-12 12:03:54,739 - INFO - Saved best model with Val Acc: 0.3968
2025-04-12 12:03:55,517 - INFO - Test Accuracy: 0.4009
2025-04-12 12:03:55,519 - INFO - Testing: LR=0.001, Hidden1=512, Hidden2=128, L2_lambda=0.1
2025-04-12 12:04:23,457 - INFO - Epoch 1/10, LR: 0.001000, Train Loss: 67.2016, Train Acc: 0.2342, Val Loss: 67.2005, Val Acc: 0.2444
2025-04-12 12:04:25,348 - INFO - Saved best model with Val Acc: 0.2444
2025-04-12 12:04:51,044 - INFO - Epoch 2/10, LR: 0.001000, Train Loss: 67.0043, Train Acc: 0.2893, Val Loss: 67.0070, Val Acc: 0.2920
2025-04-12 12:04:52,979 - INFO - Saved best model with Val Acc: 0.2920
2025-04-12 12:05:21,252 - INFO - Epoch 3/10, LR: 0.001000, Train Loss: 66.8776, Train Acc: 0.3221, Val Loss: 66.8840, Val Acc: 0.3222
2025-04-12 12:05:23,447 - INFO - Saved best model with Val Acc: 0.3222
2025-04-12 12:05:50,843 - INFO - Epoch 4/10, LR: 0.001000, Train Loss: 66.7799, Train Acc: 0.3428, Val Loss: 66.7904, Val Acc: 0.3378
2025-04-12 12:05:52,742 - INFO - Saved best model with Val Acc: 0.3378
2025-04-12 12:06:19,950 - INFO - Epoch 5/10, LR: 0.001000, Train Loss: 66.6981, Train Acc: 0.3587, Val Loss: 66.7120, Val Acc: 0.3534
2025-04-12 12:06:21,786 - INFO - Saved best model with Val Acc: 0.3534
2025-04-12 12:06:47,865 - INFO - Epoch 6/10, LR: 0.001000, Train Loss: 66.6253, Train Acc: 0.3715, Val Loss: 66.6429, Val Acc: 0.3656
2025-04-12 12:06:49,644 - INFO - Saved best model with Val Acc: 0.3656
2025-04-12 12:07:14,107 - INFO - Epoch 7/10, LR: 0.001000, Train Loss: 66.5598, Train Acc: 0.3824, Val Loss: 66.5795, Val Acc: 0.3734
2025-04-12 12:07:15,882 - INFO - Saved best model with Val Acc: 0.3734
2025-04-12 12:07:40,152 - INFO - Epoch 8/10, LR: 0.001000, Train Loss: 66.4979, Train Acc: 0.3937, Val Loss: 66.5219, Val Acc: 0.3802
2025-04-12 12:07:41,944 - INFO - Saved best model with Val Acc: 0.3802
2025-04-12 12:08:07,381 - INFO - Epoch 9/10, LR: 0.001000, Train Loss: 66.4399, Train Acc: 0.4028, Val Loss: 66.4673, Val Acc: 0.3842
2025-04-12 12:08:09,182 - INFO - Saved best model with Val Acc: 0.3842
2025-04-12 12:08:36,861 - INFO - Epoch 10/10, LR: 0.001000, Train Loss: 66.3856, Train Acc: 0.4092, Val Loss: 66.4151, Val Acc: 0.3894
2025-04-12 12:08:38,614 - INFO - Saved best model with Val Acc: 0.3894
2025-04-12 12:08:39,366 - INFO - Test Accuracy: 0.3978
2025-04-12 12:08:39,367 - INFO - Testing: LR=0.001, Hidden1=512, Hidden2=256, L2_lambda=0.01
2025-04-12 12:09:04,821 - INFO - Epoch 1/10, LR: 0.001000, Train Loss: 9.8941, Train Acc: 0.2450, Val Loss: 9.8993, Val Acc: 0.2412
2025-04-12 12:09:06,652 - INFO - Saved best model with Val Acc: 0.2412
2025-04-12 12:09:35,424 - INFO - Epoch 2/10, LR: 0.001000, Train Loss: 9.7481, Train Acc: 0.2975, Val Loss: 9.7575, Val Acc: 0.2878
2025-04-12 12:09:37,540 - INFO - Saved best model with Val Acc: 0.2878
2025-04-12 12:10:03,546 - INFO - Epoch 3/10, LR: 0.001000, Train Loss: 9.6654, Train Acc: 0.3278, Val Loss: 9.6778, Val Acc: 0.3224
2025-04-12 12:10:05,995 - INFO - Saved best model with Val Acc: 0.3224
2025-04-12 12:10:46,134 - INFO - Epoch 4/10, LR: 0.001000, Train Loss: 9.6095, Train Acc: 0.3496, Val Loss: 9.6244, Val Acc: 0.3374
2025-04-12 12:10:50,353 - INFO - Saved best model with Val Acc: 0.3374
2025-04-12 12:11:31,667 - INFO - Epoch 5/10, LR: 0.001000, Train Loss: 9.5661, Train Acc: 0.3650, Val Loss: 9.5833, Val Acc: 0.3514
2025-04-12 12:11:36,027 - INFO - Saved best model with Val Acc: 0.3514
2025-04-12 12:12:16,160 - INFO - Epoch 6/10, LR: 0.001000, Train Loss: 9.5318, Train Acc: 0.3765, Val Loss: 9.5513, Val Acc: 0.3654
2025-04-12 12:12:19,716 - INFO - Saved best model with Val Acc: 0.3654
2025-04-12 12:13:00,539 - INFO - Epoch 7/10, LR: 0.001000, Train Loss: 9.5023, Train Acc: 0.3871, Val Loss: 9.5236, Val Acc: 0.3718
2025-04-12 12:13:04,037 - INFO - Saved best model with Val Acc: 0.3718
2025-04-12 12:13:39,798 - INFO - Epoch 8/10, LR: 0.001000, Train Loss: 9.4770, Train Acc: 0.3960, Val Loss: 9.5004, Val Acc: 0.3830
2025-04-12 12:13:41,668 - INFO - Saved best model with Val Acc: 0.3830
2025-04-12 12:14:17,839 - INFO - Epoch 9/10, LR: 0.001000, Train Loss: 9.4548, Train Acc: 0.4040, Val Loss: 9.4805, Val Acc: 0.3904
2025-04-12 12:14:21,954 - INFO - Saved best model with Val Acc: 0.3904
2025-04-12 12:15:04,819 - INFO - Epoch 10/10, LR: 0.001000, Train Loss: 9.4350, Train Acc: 0.4101, Val Loss: 9.4632, Val Acc: 0.3980
2025-04-12 12:15:08,991 - INFO - Saved best model with Val Acc: 0.3980
2025-04-12 12:15:10,530 - INFO - Test Accuracy: 0.4009
2025-04-12 12:15:10,532 - INFO - Testing: LR=0.001, Hidden1=512, Hidden2=256, L2_lambda=0.1
2025-04-12 12:15:57,599 - INFO - Epoch 1/10, LR: 0.001000, Train Loss: 79.7877, Train Acc: 0.2529, Val Loss: 79.8123, Val Acc: 0.2396
2025-04-12 12:16:02,263 - INFO - Saved best model with Val Acc: 0.2396
2025-04-12 12:16:44,051 - INFO - Epoch 2/10, LR: 0.001000, Train Loss: 79.5871, Train Acc: 0.3073, Val Loss: 79.6194, Val Acc: 0.2994
2025-04-12 12:16:47,505 - INFO - Saved best model with Val Acc: 0.2994
2025-04-12 12:17:30,463 - INFO - Epoch 3/10, LR: 0.001000, Train Loss: 79.4541, Train Acc: 0.3398, Val Loss: 79.4912, Val Acc: 0.3264
2025-04-12 12:17:34,275 - INFO - Saved best model with Val Acc: 0.3264
2025-04-12 12:18:15,189 - INFO - Epoch 4/10, LR: 0.001000, Train Loss: 79.3485, Train Acc: 0.3596, Val Loss: 79.3890, Val Acc: 0.3428
2025-04-12 12:18:18,555 - INFO - Saved best model with Val Acc: 0.3428
2025-04-12 12:18:57,593 - INFO - Epoch 5/10, LR: 0.001000, Train Loss: 79.2582, Train Acc: 0.3730, Val Loss: 79.3024, Val Acc: 0.3580
2025-04-12 12:19:01,972 - INFO - Saved best model with Val Acc: 0.3580
2025-04-12 12:19:39,520 - INFO - Epoch 6/10, LR: 0.001000, Train Loss: 79.1768, Train Acc: 0.3844, Val Loss: 79.2237, Val Acc: 0.3672
2025-04-12 12:19:41,433 - INFO - Saved best model with Val Acc: 0.3672
2025-04-12 12:20:09,342 - INFO - Epoch 7/10, LR: 0.001000, Train Loss: 79.1021, Train Acc: 0.3947, Val Loss: 79.1511, Val Acc: 0.3780
2025-04-12 12:20:11,248 - INFO - Saved best model with Val Acc: 0.3780
2025-04-12 12:20:37,600 - INFO - Epoch 8/10, LR: 0.001000, Train Loss: 79.0313, Train Acc: 0.4022, Val Loss: 79.0836, Val Acc: 0.3832
2025-04-12 12:20:39,508 - INFO - Saved best model with Val Acc: 0.3832
2025-04-12 12:21:05,610 - INFO - Epoch 9/10, LR: 0.001000, Train Loss: 78.9638, Train Acc: 0.4116, Val Loss: 79.0189, Val Acc: 0.3878
2025-04-12 12:21:07,513 - INFO - Saved best model with Val Acc: 0.3878
2025-04-12 12:21:33,304 - INFO - Epoch 10/10, LR: 0.001000, Train Loss: 78.8994, Train Acc: 0.4167, Val Loss: 78.9566, Val Acc: 0.3938
2025-04-12 12:21:35,181 - INFO - Saved best model with Val Acc: 0.3938
2025-04-12 12:21:35,956 - INFO - Test Accuracy: 0.4020
2025-04-12 12:21:35,957 - INFO - Testing: LR=0.0001, Hidden1=256, Hidden2=128, L2_lambda=0.01
2025-04-12 12:21:48,996 - INFO - Epoch 1/10, LR: 0.000100, Train Loss: 6.4763, Train Acc: 0.1283, Val Loss: 6.4841, Val Acc: 0.1208
2025-04-12 12:21:49,906 - INFO - Saved best model with Val Acc: 0.1208
2025-04-12 12:22:02,897 - INFO - Epoch 2/10, LR: 0.000100, Train Loss: 6.3611, Train Acc: 0.1514, Val Loss: 6.3677, Val Acc: 0.1446
2025-04-12 12:22:03,790 - INFO - Saved best model with Val Acc: 0.1446
2025-04-12 12:22:17,133 - INFO - Epoch 3/10, LR: 0.000100, Train Loss: 6.2909, Train Acc: 0.1716, Val Loss: 6.2981, Val Acc: 0.1664
2025-04-12 12:22:18,031 - INFO - Saved best model with Val Acc: 0.1664
2025-04-12 12:22:33,683 - INFO - Epoch 4/10, LR: 0.000100, Train Loss: 6.2379, Train Acc: 0.1860, Val Loss: 6.2461, Val Acc: 0.1810
2025-04-12 12:22:34,910 - INFO - Saved best model with Val Acc: 0.1810
2025-04-12 12:22:51,639 - INFO - Epoch 5/10, LR: 0.000100, Train Loss: 6.1954, Train Acc: 0.1984, Val Loss: 6.2046, Val Acc: 0.1938
2025-04-12 12:22:52,553 - INFO - Saved best model with Val Acc: 0.1938
2025-04-12 12:23:08,431 - INFO - Epoch 6/10, LR: 0.000100, Train Loss: 6.1600, Train Acc: 0.2087, Val Loss: 6.1702, Val Acc: 0.2016
2025-04-12 12:23:09,624 - INFO - Saved best model with Val Acc: 0.2016
2025-04-12 12:23:26,013 - INFO - Epoch 7/10, LR: 0.000100, Train Loss: 6.1298, Train Acc: 0.2191, Val Loss: 6.1407, Val Acc: 0.2080
2025-04-12 12:23:27,230 - INFO - Saved best model with Val Acc: 0.2080
2025-04-12 12:23:43,892 - INFO - Epoch 8/10, LR: 0.000100, Train Loss: 6.1035, Train Acc: 0.2270, Val Loss: 6.1151, Val Acc: 0.2206
2025-04-12 12:23:45,098 - INFO - Saved best model with Val Acc: 0.2206
2025-04-12 12:24:01,103 - INFO - Epoch 9/10, LR: 0.000100, Train Loss: 6.0804, Train Acc: 0.2352, Val Loss: 6.0926, Val Acc: 0.2298
2025-04-12 12:24:02,109 - INFO - Saved best model with Val Acc: 0.2298
2025-04-12 12:24:17,293 - INFO - Epoch 10/10, LR: 0.000100, Train Loss: 6.0597, Train Acc: 0.2425, Val Loss: 6.0723, Val Acc: 0.2382
2025-04-12 12:24:18,315 - INFO - Saved best model with Val Acc: 0.2382
2025-04-12 12:24:18,760 - INFO - Test Accuracy: 0.2430
2025-04-12 12:24:18,761 - INFO - Testing: LR=0.0001, Hidden1=256, Hidden2=128, L2_lambda=0.1
2025-04-12 12:24:33,850 - INFO - Epoch 1/10, LR: 0.000100, Train Loss: 41.9963, Train Acc: 0.1050, Val Loss: 41.9969, Val Acc: 0.1050
2025-04-12 12:24:34,889 - INFO - Saved best model with Val Acc: 0.1050
2025-04-12 12:24:50,521 - INFO - Epoch 2/10, LR: 0.000100, Train Loss: 41.8584, Train Acc: 0.1304, Val Loss: 41.8578, Val Acc: 0.1322
2025-04-12 12:24:51,533 - INFO - Saved best model with Val Acc: 0.1322
2025-04-12 12:25:05,381 - INFO - Epoch 3/10, LR: 0.000100, Train Loss: 41.7751, Train Acc: 0.1534, Val Loss: 41.7747, Val Acc: 0.1538
2025-04-12 12:25:06,276 - INFO - Saved best model with Val Acc: 0.1538
2025-04-12 12:25:20,337 - INFO - Epoch 4/10, LR: 0.000100, Train Loss: 41.7115, Train Acc: 0.1719, Val Loss: 41.7117, Val Acc: 0.1686
2025-04-12 12:25:21,282 - INFO - Saved best model with Val Acc: 0.1686
2025-04-12 12:25:36,395 - INFO - Epoch 5/10, LR: 0.000100, Train Loss: 41.6595, Train Acc: 0.1863, Val Loss: 41.6604, Val Acc: 0.1770
2025-04-12 12:25:37,290 - INFO - Saved best model with Val Acc: 0.1770
2025-04-12 12:25:53,241 - INFO - Epoch 6/10, LR: 0.000100, Train Loss: 41.6156, Train Acc: 0.1992, Val Loss: 41.6171, Val Acc: 0.1856
2025-04-12 12:25:54,329 - INFO - Saved best model with Val Acc: 0.1856
2025-04-12 12:26:10,363 - INFO - Epoch 7/10, LR: 0.000100, Train Loss: 41.5777, Train Acc: 0.2096, Val Loss: 41.5796, Val Acc: 0.1982
2025-04-12 12:26:11,367 - INFO - Saved best model with Val Acc: 0.1982
2025-04-12 12:26:25,327 - INFO - Epoch 8/10, LR: 0.000100, Train Loss: 41.5441, Train Acc: 0.2188, Val Loss: 41.5464, Val Acc: 0.2110
2025-04-12 12:26:26,255 - INFO - Saved best model with Val Acc: 0.2110
2025-04-12 12:26:40,408 - INFO - Epoch 9/10, LR: 0.000100, Train Loss: 41.5140, Train Acc: 0.2280, Val Loss: 41.5165, Val Acc: 0.2182
2025-04-12 12:26:41,369 - INFO - Saved best model with Val Acc: 0.2182
2025-04-12 12:26:55,029 - INFO - Epoch 10/10, LR: 0.000100, Train Loss: 41.4867, Train Acc: 0.2354, Val Loss: 41.4896, Val Acc: 0.2268
2025-04-12 12:26:55,919 - INFO - Saved best model with Val Acc: 0.2268
2025-04-12 12:26:56,358 - INFO - Test Accuracy: 0.2356
2025-04-12 12:26:56,358 - INFO - Testing: LR=0.0001, Hidden1=256, Hidden2=256, L2_lambda=0.01
2025-04-12 12:27:09,706 - INFO - Epoch 1/10, LR: 0.000100, Train Loss: 7.6845, Train Acc: 0.1436, Val Loss: 7.6733, Val Acc: 0.1396
2025-04-12 12:27:10,632 - INFO - Saved best model with Val Acc: 0.1396
2025-04-12 12:27:24,014 - INFO - Epoch 2/10, LR: 0.000100, Train Loss: 7.5807, Train Acc: 0.1688, Val Loss: 7.5695, Val Acc: 0.1696
2025-04-12 12:27:24,944 - INFO - Saved best model with Val Acc: 0.1696
2025-04-12 12:27:39,311 - INFO - Epoch 3/10, LR: 0.000100, Train Loss: 7.5239, Train Acc: 0.1874, Val Loss: 7.5135, Val Acc: 0.1846
2025-04-12 12:27:40,220 - INFO - Saved best model with Val Acc: 0.1846
2025-04-12 12:27:54,218 - INFO - Epoch 4/10, LR: 0.000100, Train Loss: 7.4817, Train Acc: 0.2002, Val Loss: 7.4722, Val Acc: 0.2002
2025-04-12 12:27:55,150 - INFO - Saved best model with Val Acc: 0.2002
2025-04-12 12:28:08,284 - INFO - Epoch 5/10, LR: 0.000100, Train Loss: 7.4472, Train Acc: 0.2109, Val Loss: 7.4387, Val Acc: 0.2122
2025-04-12 12:28:09,262 - INFO - Saved best model with Val Acc: 0.2122
2025-04-12 12:28:22,456 - INFO - Epoch 6/10, LR: 0.000100, Train Loss: 7.4178, Train Acc: 0.2219, Val Loss: 7.4102, Val Acc: 0.2210
2025-04-12 12:28:23,448 - INFO - Saved best model with Val Acc: 0.2210
2025-04-12 12:28:36,627 - INFO - Epoch 7/10, LR: 0.000100, Train Loss: 7.3923, Train Acc: 0.2306, Val Loss: 7.3856, Val Acc: 0.2294
2025-04-12 12:28:37,559 - INFO - Saved best model with Val Acc: 0.2294
2025-04-12 12:28:50,676 - INFO - Epoch 8/10, LR: 0.000100, Train Loss: 7.3695, Train Acc: 0.2383, Val Loss: 7.3637, Val Acc: 0.2384
2025-04-12 12:28:51,638 - INFO - Saved best model with Val Acc: 0.2384
2025-04-12 12:29:04,692 - INFO - Epoch 9/10, LR: 0.000100, Train Loss: 7.3490, Train Acc: 0.2453, Val Loss: 7.3440, Val Acc: 0.2466
2025-04-12 12:29:05,648 - INFO - Saved best model with Val Acc: 0.2466
2025-04-12 12:29:18,806 - INFO - Epoch 10/10, LR: 0.000100, Train Loss: 7.3303, Train Acc: 0.2522, Val Loss: 7.3261, Val Acc: 0.2496
2025-04-12 12:29:19,758 - INFO - Saved best model with Val Acc: 0.2496
2025-04-12 12:29:20,221 - INFO - Test Accuracy: 0.2625
2025-04-12 12:29:20,222 - INFO - Testing: LR=0.0001, Hidden1=256, Hidden2=256, L2_lambda=0.1
2025-04-12 12:29:33,380 - INFO - Epoch 1/10, LR: 0.000100, Train Loss: 54.7565, Train Acc: 0.1307, Val Loss: 54.7650, Val Acc: 0.1326
2025-04-12 12:29:34,300 - INFO - Saved best model with Val Acc: 0.1326
2025-04-12 12:29:47,401 - INFO - Epoch 2/10, LR: 0.000100, Train Loss: 54.6363, Train Acc: 0.1549, Val Loss: 54.6440, Val Acc: 0.1548
2025-04-12 12:29:48,325 - INFO - Saved best model with Val Acc: 0.1548
2025-04-12 12:30:01,495 - INFO - Epoch 3/10, LR: 0.000100, Train Loss: 54.5636, Train Acc: 0.1734, Val Loss: 54.5707, Val Acc: 0.1752
2025-04-12 12:30:02,438 - INFO - Saved best model with Val Acc: 0.1752
2025-04-12 12:30:15,572 - INFO - Epoch 4/10, LR: 0.000100, Train Loss: 54.5076, Train Acc: 0.1884, Val Loss: 54.5144, Val Acc: 0.1918
2025-04-12 12:30:16,506 - INFO - Saved best model with Val Acc: 0.1918
2025-04-12 12:30:29,595 - INFO - Epoch 5/10, LR: 0.000100, Train Loss: 54.4611, Train Acc: 0.2023, Val Loss: 54.4681, Val Acc: 0.2062
2025-04-12 12:30:30,514 - INFO - Saved best model with Val Acc: 0.2062
2025-04-12 12:30:43,657 - INFO - Epoch 6/10, LR: 0.000100, Train Loss: 54.4209, Train Acc: 0.2149, Val Loss: 54.4280, Val Acc: 0.2178
2025-04-12 12:30:44,643 - INFO - Saved best model with Val Acc: 0.2178
2025-04-12 12:30:57,716 - INFO - Epoch 7/10, LR: 0.000100, Train Loss: 54.3850, Train Acc: 0.2254, Val Loss: 54.3927, Val Acc: 0.2280
2025-04-12 12:30:58,656 - INFO - Saved best model with Val Acc: 0.2280
2025-04-12 12:31:11,835 - INFO - Epoch 8/10, LR: 0.000100, Train Loss: 54.3528, Train Acc: 0.2353, Val Loss: 54.3608, Val Acc: 0.2368
2025-04-12 12:31:12,777 - INFO - Saved best model with Val Acc: 0.2368
2025-04-12 12:31:26,069 - INFO - Epoch 9/10, LR: 0.000100, Train Loss: 54.3233, Train Acc: 0.2425, Val Loss: 54.3316, Val Acc: 0.2454
2025-04-12 12:31:26,998 - INFO - Saved best model with Val Acc: 0.2454
2025-04-12 12:31:40,354 - INFO - Epoch 10/10, LR: 0.000100, Train Loss: 54.2961, Train Acc: 0.2493, Val Loss: 54.3050, Val Acc: 0.2502
2025-04-12 12:31:41,297 - INFO - Saved best model with Val Acc: 0.2502
2025-04-12 12:31:41,745 - INFO - Test Accuracy: 0.2548
2025-04-12 12:31:41,745 - INFO - Testing: LR=0.0001, Hidden1=512, Hidden2=128, L2_lambda=0.01
2025-04-12 12:32:06,207 - INFO - Epoch 1/10, LR: 0.000100, Train Loss: 9.0352, Train Acc: 0.1207, Val Loss: 9.0414, Val Acc: 0.1222
2025-04-12 12:32:08,025 - INFO - Saved best model with Val Acc: 0.1222
2025-04-12 12:32:31,972 - INFO - Epoch 2/10, LR: 0.000100, Train Loss: 8.9234, Train Acc: 0.1430, Val Loss: 8.9302, Val Acc: 0.1406
2025-04-12 12:32:33,774 - INFO - Saved best model with Val Acc: 0.1406
2025-04-12 12:32:57,762 - INFO - Epoch 3/10, LR: 0.000100, Train Loss: 8.8554, Train Acc: 0.1635, Val Loss: 8.8623, Val Acc: 0.1596
2025-04-12 12:32:59,583 - INFO - Saved best model with Val Acc: 0.1596
2025-04-12 12:33:23,399 - INFO - Epoch 4/10, LR: 0.000100, Train Loss: 8.8041, Train Acc: 0.1806, Val Loss: 8.8110, Val Acc: 0.1770
2025-04-12 12:33:25,220 - INFO - Saved best model with Val Acc: 0.1770
2025-04-12 12:33:48,914 - INFO - Epoch 5/10, LR: 0.000100, Train Loss: 8.7626, Train Acc: 0.1946, Val Loss: 8.7693, Val Acc: 0.1948
2025-04-12 12:33:50,706 - INFO - Saved best model with Val Acc: 0.1948
2025-04-12 12:34:14,891 - INFO - Epoch 6/10, LR: 0.000100, Train Loss: 8.7277, Train Acc: 0.2074, Val Loss: 8.7343, Val Acc: 0.2070
2025-04-12 12:34:16,686 - INFO - Saved best model with Val Acc: 0.2070
2025-04-12 12:34:40,786 - INFO - Epoch 7/10, LR: 0.000100, Train Loss: 8.6978, Train Acc: 0.2189, Val Loss: 8.7044, Val Acc: 0.2156
2025-04-12 12:34:42,579 - INFO - Saved best model with Val Acc: 0.2156
2025-04-12 12:35:06,547 - INFO - Epoch 8/10, LR: 0.000100, Train Loss: 8.6714, Train Acc: 0.2290, Val Loss: 8.6782, Val Acc: 0.2238
2025-04-12 12:35:08,359 - INFO - Saved best model with Val Acc: 0.2238
2025-04-12 12:35:32,347 - INFO - Epoch 9/10, LR: 0.000100, Train Loss: 8.6479, Train Acc: 0.2376, Val Loss: 8.6549, Val Acc: 0.2274
2025-04-12 12:35:34,124 - INFO - Saved best model with Val Acc: 0.2274
2025-04-12 12:35:58,158 - INFO - Epoch 10/10, LR: 0.000100, Train Loss: 8.6265, Train Acc: 0.2474, Val Loss: 8.6339, Val Acc: 0.2356
2025-04-12 12:35:59,951 - INFO - Saved best model with Val Acc: 0.2356
2025-04-12 12:36:00,696 - INFO - Test Accuracy: 0.2393
2025-04-12 12:36:00,697 - INFO - Testing: LR=0.0001, Hidden1=512, Hidden2=128, L2_lambda=0.1
2025-04-12 12:36:24,697 - INFO - Epoch 1/10, LR: 0.000100, Train Loss: 67.5197, Train Acc: 0.1296, Val Loss: 67.5350, Val Acc: 0.1178
2025-04-12 12:36:26,543 - INFO - Saved best model with Val Acc: 0.1178
2025-04-12 12:36:50,620 - INFO - Epoch 2/10, LR: 0.000100, Train Loss: 67.3671, Train Acc: 0.1516, Val Loss: 67.3790, Val Acc: 0.1426
2025-04-12 12:36:52,436 - INFO - Saved best model with Val Acc: 0.1426
2025-04-12 12:37:16,344 - INFO - Epoch 3/10, LR: 0.000100, Train Loss: 67.2821, Train Acc: 0.1736, Val Loss: 67.2928, Val Acc: 0.1580
2025-04-12 12:37:18,122 - INFO - Saved best model with Val Acc: 0.1580
2025-04-12 12:37:42,070 - INFO - Epoch 4/10, LR: 0.000100, Train Loss: 67.2200, Train Acc: 0.1907, Val Loss: 67.2306, Val Acc: 0.1774
2025-04-12 12:37:43,877 - INFO - Saved best model with Val Acc: 0.1774
2025-04-12 12:38:07,787 - INFO - Epoch 5/10, LR: 0.000100, Train Loss: 67.1699, Train Acc: 0.2041, Val Loss: 67.1809, Val Acc: 0.1908
2025-04-12 12:38:09,590 - INFO - Saved best model with Val Acc: 0.1908
2025-04-12 12:38:33,616 - INFO - Epoch 6/10, LR: 0.000100, Train Loss: 67.1279, Train Acc: 0.2142, Val Loss: 67.1395, Val Acc: 0.2004
2025-04-12 12:38:35,368 - INFO - Saved best model with Val Acc: 0.2004
2025-04-12 12:38:59,378 - INFO - Epoch 7/10, LR: 0.000100, Train Loss: 67.0915, Train Acc: 0.2237, Val Loss: 67.1038, Val Acc: 0.2088
2025-04-12 12:39:01,217 - INFO - Saved best model with Val Acc: 0.2088
2025-04-12 12:39:25,053 - INFO - Epoch 8/10, LR: 0.000100, Train Loss: 67.0596, Train Acc: 0.2333, Val Loss: 67.0726, Val Acc: 0.2220
2025-04-12 12:39:26,986 - INFO - Saved best model with Val Acc: 0.2220
2025-04-12 12:39:50,730 - INFO - Epoch 9/10, LR: 0.000100, Train Loss: 67.0307, Train Acc: 0.2413, Val Loss: 67.0445, Val Acc: 0.2294
2025-04-12 12:39:52,508 - INFO - Saved best model with Val Acc: 0.2294
2025-04-12 12:40:16,270 - INFO - Epoch 10/10, LR: 0.000100, Train Loss: 67.0044, Train Acc: 0.2496, Val Loss: 67.0190, Val Acc: 0.2388
2025-04-12 12:40:18,096 - INFO - Saved best model with Val Acc: 0.2388
2025-04-12 12:40:18,845 - INFO - Test Accuracy: 0.2486
2025-04-12 12:40:18,845 - INFO - Testing: LR=0.0001, Hidden1=512, Hidden2=256, L2_lambda=0.01
2025-04-12 12:40:43,943 - INFO - Epoch 1/10, LR: 0.000100, Train Loss: 10.3788, Train Acc: 0.1095, Val Loss: 10.3563, Val Acc: 0.1134
2025-04-12 12:40:45,836 - INFO - Saved best model with Val Acc: 0.1134
2025-04-12 12:41:10,858 - INFO - Epoch 2/10, LR: 0.000100, Train Loss: 10.2204, Train Acc: 0.1413, Val Loss: 10.2004, Val Acc: 0.1494
2025-04-12 12:41:12,741 - INFO - Saved best model with Val Acc: 0.1494
2025-04-12 12:41:37,821 - INFO - Epoch 3/10, LR: 0.000100, Train Loss: 10.1391, Train Acc: 0.1619, Val Loss: 10.1212, Val Acc: 0.1692
2025-04-12 12:41:39,723 - INFO - Saved best model with Val Acc: 0.1692
2025-04-12 12:42:04,692 - INFO - Epoch 4/10, LR: 0.000100, Train Loss: 10.0813, Train Acc: 0.1797, Val Loss: 10.0653, Val Acc: 0.1844
2025-04-12 12:42:06,581 - INFO - Saved best model with Val Acc: 0.1844
2025-04-12 12:42:31,672 - INFO - Epoch 5/10, LR: 0.000100, Train Loss: 10.0360, Train Acc: 0.1946, Val Loss: 10.0215, Val Acc: 0.1952
2025-04-12 12:42:33,519 - INFO - Saved best model with Val Acc: 0.1952
2025-04-12 12:42:58,574 - INFO - Epoch 6/10, LR: 0.000100, Train Loss: 9.9984, Train Acc: 0.2078, Val Loss: 9.9852, Val Acc: 0.2038
2025-04-12 12:43:00,415 - INFO - Saved best model with Val Acc: 0.2038
2025-04-12 12:43:25,428 - INFO - Epoch 7/10, LR: 0.000100, Train Loss: 9.9662, Train Acc: 0.2197, Val Loss: 9.9544, Val Acc: 0.2174
2025-04-12 12:43:27,315 - INFO - Saved best model with Val Acc: 0.2174
2025-04-12 12:43:52,383 - INFO - Epoch 8/10, LR: 0.000100, Train Loss: 9.9381, Train Acc: 0.2293, Val Loss: 9.9274, Val Acc: 0.2290
2025-04-12 12:43:54,274 - INFO - Saved best model with Val Acc: 0.2290
2025-04-12 12:44:19,447 - INFO - Epoch 9/10, LR: 0.000100, Train Loss: 9.9132, Train Acc: 0.2383, Val Loss: 9.9036, Val Acc: 0.2362
2025-04-12 12:44:21,338 - INFO - Saved best model with Val Acc: 0.2362
2025-04-12 12:44:46,433 - INFO - Epoch 10/10, LR: 0.000100, Train Loss: 9.8908, Train Acc: 0.2466, Val Loss: 9.8822, Val Acc: 0.2452
2025-04-12 12:44:48,318 - INFO - Saved best model with Val Acc: 0.2452
2025-04-12 12:44:49,094 - INFO - Test Accuracy: 0.2517
2025-04-12 12:44:49,095 - INFO - Testing: LR=0.0001, Hidden1=512, Hidden2=256, L2_lambda=0.1
2025-04-12 12:45:14,223 - INFO - Epoch 1/10, LR: 0.000100, Train Loss: 80.3463, Train Acc: 0.1092, Val Loss: 80.3508, Val Acc: 0.1020
2025-04-12 12:45:16,126 - INFO - Saved best model with Val Acc: 0.1020
2025-04-12 12:45:41,210 - INFO - Epoch 2/10, LR: 0.000100, Train Loss: 80.1602, Train Acc: 0.1292, Val Loss: 80.1636, Val Acc: 0.1274
2025-04-12 12:45:43,115 - INFO - Saved best model with Val Acc: 0.1274
2025-04-12 12:46:08,150 - INFO - Epoch 3/10, LR: 0.000100, Train Loss: 80.0635, Train Acc: 0.1513, Val Loss: 80.0670, Val Acc: 0.1446
2025-04-12 12:46:10,007 - INFO - Saved best model with Val Acc: 0.1446
2025-04-12 12:46:35,300 - INFO - Epoch 4/10, LR: 0.000100, Train Loss: 79.9929, Train Acc: 0.1703, Val Loss: 79.9968, Val Acc: 0.1682
2025-04-12 12:46:37,145 - INFO - Saved best model with Val Acc: 0.1682
2025-04-12 12:47:02,259 - INFO - Epoch 5/10, LR: 0.000100, Train Loss: 79.9357, Train Acc: 0.1860, Val Loss: 79.9398, Val Acc: 0.1860
2025-04-12 12:47:04,155 - INFO - Saved best model with Val Acc: 0.1860
2025-04-12 12:47:29,152 - INFO - Epoch 6/10, LR: 0.000100, Train Loss: 79.8874, Train Acc: 0.2006, Val Loss: 79.8916, Val Acc: 0.2000
2025-04-12 12:47:31,000 - INFO - Saved best model with Val Acc: 0.2000
2025-04-12 12:47:56,176 - INFO - Epoch 7/10, LR: 0.000100, Train Loss: 79.8451, Train Acc: 0.2126, Val Loss: 79.8495, Val Acc: 0.2156
2025-04-12 12:47:58,079 - INFO - Saved best model with Val Acc: 0.2156
2025-04-12 12:48:23,748 - INFO - Epoch 8/10, LR: 0.000100, Train Loss: 79.8076, Train Acc: 0.2235, Val Loss: 79.8123, Val Acc: 0.2238
2025-04-12 12:48:25,685 - INFO - Saved best model with Val Acc: 0.2238
2025-04-12 12:48:51,406 - INFO - Epoch 9/10, LR: 0.000100, Train Loss: 79.7739, Train Acc: 0.2322, Val Loss: 79.7787, Val Acc: 0.2332
2025-04-12 12:48:53,322 - INFO - Saved best model with Val Acc: 0.2332
2025-04-12 12:49:18,966 - INFO - Epoch 10/10, LR: 0.000100, Train Loss: 79.7432, Train Acc: 0.2408, Val Loss: 79.7482, Val Acc: 0.2396
2025-04-12 12:49:20,830 - INFO - Saved best model with Val Acc: 0.2396
2025-04-12 12:49:21,601 - INFO - Test Accuracy: 0.2349
2025-04-12 12:49:21,606 - INFO - Hyperparameter Search Results:
2025-04-12 12:49:21,606 - INFO - LR: 0.001, Hidden1: 256, Hidden2: 128, L2_lambda: 0.01, Val Acc: 0.3896, Test Acc: 0.3928
2025-04-12 12:49:21,606 - INFO - LR: 0.001, Hidden1: 256, Hidden2: 128, L2_lambda: 0.1, Val Acc: 0.3812, Test Acc: 0.3915
2025-04-12 12:49:21,606 - INFO - LR: 0.001, Hidden1: 256, Hidden2: 256, L2_lambda: 0.01, Val Acc: 0.3848, Test Acc: 0.3915
2025-04-12 12:49:21,606 - INFO - LR: 0.001, Hidden1: 256, Hidden2: 256, L2_lambda: 0.1, Val Acc: 0.3830, Test Acc: 0.3856
2025-04-12 12:49:21,606 - INFO - LR: 0.001, Hidden1: 512, Hidden2: 128, L2_lambda: 0.01, Val Acc: 0.3968, Test Acc: 0.4009
2025-04-12 12:49:21,606 - INFO - LR: 0.001, Hidden1: 512, Hidden2: 128, L2_lambda: 0.1, Val Acc: 0.3894, Test Acc: 0.3978
2025-04-12 12:49:21,606 - INFO - LR: 0.001, Hidden1: 512, Hidden2: 256, L2_lambda: 0.01, Val Acc: 0.3980, Test Acc: 0.4009
2025-04-12 12:49:21,606 - INFO - LR: 0.001, Hidden1: 512, Hidden2: 256, L2_lambda: 0.1, Val Acc: 0.3938, Test Acc: 0.4020
2025-04-12 12:49:21,606 - INFO - LR: 0.0001, Hidden1: 256, Hidden2: 128, L2_lambda: 0.01, Val Acc: 0.2382, Test Acc: 0.2430
2025-04-12 12:49:21,606 - INFO - LR: 0.0001, Hidden1: 256, Hidden2: 128, L2_lambda: 0.1, Val Acc: 0.2268, Test Acc: 0.2356
2025-04-12 12:49:21,606 - INFO - LR: 0.0001, Hidden1: 256, Hidden2: 256, L2_lambda: 0.01, Val Acc: 0.2496, Test Acc: 0.2625
2025-04-12 12:49:21,606 - INFO - LR: 0.0001, Hidden1: 256, Hidden2: 256, L2_lambda: 0.1, Val Acc: 0.2502, Test Acc: 0.2548
2025-04-12 12:49:21,607 - INFO - LR: 0.0001, Hidden1: 512, Hidden2: 128, L2_lambda: 0.01, Val Acc: 0.2356, Test Acc: 0.2393
2025-04-12 12:49:21,607 - INFO - LR: 0.0001, Hidden1: 512, Hidden2: 128, L2_lambda: 0.1, Val Acc: 0.2388, Test Acc: 0.2486
2025-04-12 12:49:21,607 - INFO - LR: 0.0001, Hidden1: 512, Hidden2: 256, L2_lambda: 0.01, Val Acc: 0.2452, Test Acc: 0.2517
2025-04-12 12:49:21,607 - INFO - LR: 0.0001, Hidden1: 512, Hidden2: 256, L2_lambda: 0.1, Val Acc: 0.2396, Test Acc: 0.2349
2025-04-12 12:49:21,607 - INFO - Best Hyperparameters:
2025-04-12 12:49:21,607 - INFO - LR: 0.001, Hidden1: 512, Hidden2: 256, L2_lambda: 0.01, Val Acc: 0.3980, Test Acc: 0.4009
2025-04-12 12:49:46,735 - INFO - Epoch 1/20, LR: 0.001000, Train Loss: 9.9492, Train Acc: 0.2386, Val Loss: 9.9554, Val Acc: 0.2346
2025-04-12 12:49:48,608 - INFO - Saved best model with Val Acc: 0.2346
2025-04-12 12:50:13,671 - INFO - Epoch 2/20, LR: 0.001000, Train Loss: 9.7990, Train Acc: 0.2934, Val Loss: 9.8100, Val Acc: 0.2858
2025-04-12 12:50:15,567 - INFO - Saved best model with Val Acc: 0.2858
2025-04-12 12:50:40,617 - INFO - Epoch 3/20, LR: 0.001000, Train Loss: 9.7115, Train Acc: 0.3257, Val Loss: 9.7268, Val Acc: 0.3142
2025-04-12 12:50:42,508 - INFO - Saved best model with Val Acc: 0.3142
2025-04-12 12:51:07,594 - INFO - Epoch 4/20, LR: 0.001000, Train Loss: 9.6519, Train Acc: 0.3464, Val Loss: 9.6713, Val Acc: 0.3372
2025-04-12 12:51:09,454 - INFO - Saved best model with Val Acc: 0.3372
2025-04-12 12:51:34,560 - INFO - Epoch 5/20, LR: 0.001000, Train Loss: 9.6072, Train Acc: 0.3636, Val Loss: 9.6307, Val Acc: 0.3506
2025-04-12 12:51:36,421 - INFO - Saved best model with Val Acc: 0.3506
2025-04-12 12:52:01,535 - INFO - Epoch 6/20, LR: 0.001000, Train Loss: 9.5711, Train Acc: 0.3769, Val Loss: 9.5984, Val Acc: 0.3636
2025-04-12 12:52:03,405 - INFO - Saved best model with Val Acc: 0.3636
2025-04-12 12:52:28,532 - INFO - Epoch 7/20, LR: 0.001000, Train Loss: 9.5418, Train Acc: 0.3879, Val Loss: 9.5724, Val Acc: 0.3756
2025-04-12 12:52:30,445 - INFO - Saved best model with Val Acc: 0.3756
2025-04-12 12:52:55,673 - INFO - Epoch 8/20, LR: 0.001000, Train Loss: 9.5161, Train Acc: 0.3968, Val Loss: 9.5499, Val Acc: 0.3856
2025-04-12 12:52:57,547 - INFO - Saved best model with Val Acc: 0.3856
2025-04-12 12:53:22,707 - INFO - Epoch 9/20, LR: 0.001000, Train Loss: 9.4929, Train Acc: 0.4047, Val Loss: 9.5295, Val Acc: 0.3884
2025-04-12 12:53:24,573 - INFO - Saved best model with Val Acc: 0.3884
2025-04-12 12:53:49,744 - INFO - Epoch 10/20, LR: 0.001000, Train Loss: 9.4724, Train Acc: 0.4137, Val Loss: 9.5129, Val Acc: 0.3964
2025-04-12 12:53:51,608 - INFO - Saved best model with Val Acc: 0.3964
2025-04-12 12:54:16,791 - INFO - Epoch 11/20, LR: 0.000100, Train Loss: 9.4701, Train Acc: 0.4141, Val Loss: 9.5109, Val Acc: 0.3972
2025-04-12 12:54:18,635 - INFO - Saved best model with Val Acc: 0.3972
2025-04-12 12:54:43,738 - INFO - Epoch 12/20, LR: 0.000100, Train Loss: 9.4682, Train Acc: 0.4142, Val Loss: 9.5092, Val Acc: 0.3984
2025-04-12 12:54:45,608 - INFO - Saved best model with Val Acc: 0.3984
2025-04-12 12:55:10,658 - INFO - Epoch 13/20, LR: 0.000100, Train Loss: 9.4663, Train Acc: 0.4147, Val Loss: 9.5076, Val Acc: 0.3982
2025-04-12 12:55:35,634 - INFO - Epoch 14/20, LR: 0.000100, Train Loss: 9.4644, Train Acc: 0.4154, Val Loss: 9.5060, Val Acc: 0.3992
2025-04-12 12:55:37,498 - INFO - Saved best model with Val Acc: 0.3992
2025-04-12 12:56:02,557 - INFO - Epoch 15/20, LR: 0.000100, Train Loss: 9.4626, Train Acc: 0.4161, Val Loss: 9.5045, Val Acc: 0.4010
2025-04-12 12:56:04,451 - INFO - Saved best model with Val Acc: 0.4010
2025-04-12 12:56:29,519 - INFO - Epoch 16/20, LR: 0.000100, Train Loss: 9.4608, Train Acc: 0.4167, Val Loss: 9.5030, Val Acc: 0.4010
2025-04-12 12:56:54,506 - INFO - Epoch 17/20, LR: 0.000100, Train Loss: 9.4590, Train Acc: 0.4172, Val Loss: 9.5015, Val Acc: 0.4010
2025-04-12 12:57:19,450 - INFO - Epoch 18/20, LR: 0.000100, Train Loss: 9.4572, Train Acc: 0.4178, Val Loss: 9.5000, Val Acc: 0.4024
2025-04-12 12:57:21,357 - INFO - Saved best model with Val Acc: 0.4024
2025-04-12 12:57:46,397 - INFO - Epoch 19/20, LR: 0.000100, Train Loss: 9.4555, Train Acc: 0.4188, Val Loss: 9.4985, Val Acc: 0.4028
2025-04-12 12:57:48,281 - INFO - Saved best model with Val Acc: 0.4028
2025-04-12 12:58:13,259 - INFO - Epoch 20/20, LR: 0.000100, Train Loss: 9.4537, Train Acc: 0.4193, Val Loss: 9.4972, Val Acc: 0.4028
2025-04-12 12:58:14,013 - INFO - Test Accuracy: 0.4038
2025-04-12 12:58:14,299 - INFO - Training process completed.
